   SW  perc perc perc  query      position in query           matching       repeat              position in  repeat
score  div. del. ins.  sequence    begin     end    (left)    repeat         class/family         begin  end (left)   ID

  463   1.3  0.6  1.7  chr1        10001   10468 (248945954) +  (TAACCC)n      Simple_repeat            1  463    (0)      1
  559  11.1  5.9  3.0  chr1        10469   11463 (248944959) C  TAR1           Satellite/telo       (399) 1023      1      2
   64  24.6 17.7  2.5  chr1        11502   11676 (248944746) C  L1MC           LINE/L1             (2234) 5648   5448      3
   35  29.1  1.9  0.9  chr1        11677   11780 (248944642) C  MER5B          DNA/hAT-Charlie       (73)  105      1      4
   30  25.8  4.5  0.0  chr1        15265   15353 (248941069) C  MIR1_Amn       SINE/MIR              (81)  149     57      5
   18  23.2  0.0  2.0  chr1        15798   15849 (248940573) +  (TGCTCC)n      Simple_repeat            1   51    (0)      6
   34  29.6 25.5  0.0  chr1        16362   16459 (248939963) C  Charlie15a     DNA/hAT-Charlie      (100)  124      2      7
   18  13.7  0.0  0.0  chr1        16713   16744 (248939678) +  (TGG)n         Simple_repeat            1   32    (0)      8
   11  35.5  8.6 15.1  chr1        18418   18649 (248937773) +  L1M2b          LINE/L1                744  962 (6247)      9
   21  32.5 19.3  0.4  chr1        18908   19049 (248937373) +  L2a            LINE/L2               2941 3104  (322)     10
  232  32.3 11.8  1.7  chr1        19972   20727 (248935695) +  L3             LINE/CR1              2680 3510  (589)     11
  116  32.3 15.9  2.7  chr1        21950   22344 (248934078) +  MLT1K          LTR/ERVL-MaLR           16  461  (134)     12
  113  30.7  4.2  0.0  chr1        23121   23361 (248933061) C  MIR            SINE/MIR               (5)  257      7     13
   50  29.6 23.6  0.9  chr1        23837   24010 (248932412) +  L2b            LINE/L2               2967 3179  (196)     14
   55  29.5 28.2  0.4  chr1        24073   24249 (248932173) +  MIR            SINE/MIR                34  259    (3)     15
   36  33.6  9.1  4.6  chr1        24261   24447 (248931975) +  L2b            LINE/L2               3230 3424    (2)     14
   14  36.2 22.3  0.8  chr1        25182   25284 (248931138) C  MIRb           SINE/MIR              (21)  247    123     16
   10  30.2  5.9 12.5  chr1        25892   25959 (248930463) +  MIR            SINE/MIR                84  147  (115)     17
   18  25.7  4.2 13.6  chr1        26357   26428 (248929994) +  MIR1_Amn       SINE/MIR               109  174   (56)     18
   47  35.8 24.2  1.9  chr1        26574   26790 (248929632) C  L2c            LINE/L2                (5) 3382   3116     19
  292   8.8  0.4  0.0  chr1        26791   27053 (248929369) +  AluSp          SINE/Alu                 1  264   (49)     20
   47  35.8 24.2  1.9  chr1        27054   27220 (248929202) C  L2c            LINE/L2              (272) 3115   2915     19
  189  15.6 14.6  0.0  chr1        27267   27541 (248928881) +  MER33          DNA/hAT-Charlie          1  300   (24)     21
   23  35.2 12.5  2.8  chr1        27790   27986 (248928436) C  MIRc           SINE/MIR               (1)  229     32     22
   33  33.6  3.3  2.6  chr1        28151   28300 (248928122) C  MIRb           SINE/MIR              (10)  258    108     23
   12  15.7  4.2  6.4  chr1        29745   29792 (248926630) +  (ACGCCC)n      Simple_repeat            1   47    (0)     24
  199  22.2  2.7  1.0  chr1        29901   30196 (248926226) +  L1MB3          LINE/L1               5882 6182    (1)     25
  129  15.5  3.2  1.6  chr1        30343   30532 (248925890) C  MER53          DNA/hAT                (0)  193      1     26
  140  29.1 10.5 26.3  chr1        30695   31133 (248925289) +  MLT1A1         LTR/ERVL-MaLR            2  385   (23)     27
   50  29.6 27.9  0.4  chr1        31259   31435 (248924987) +  MIRc           SINE/MIR                 5  231   (37)     28
  303  15.4  0.0  0.0  chr1        31436   31733 (248924689) +  AluJb          SINE/Alu                 1  298   (14)     29
   50  29.6 27.9  0.4  chr1        31735   31753 (248924669) +  MIRc           SINE/MIR               232  254   (14)     28
   79  25.1 11.9  2.7  chr1        32841   33041 (248923381) +  MIR            SINE/MIR                 2  220   (42)     30
  317  18.3  4.9  0.0  chr1        33047   33456 (248922966) +  L1MB5          LINE/L1               5745 6174    (0)     31
   19  29.2  6.2  0.0  chr1        33467   33514 (248922908) +  Alu            SINE/Alu                 2   52  (260)     32
  584   9.4  0.2  2.2  chr1        33531   34097 (248922325) C  L1PA6          LINE/L1                (3) 6151   5596     33
   47  39.6  0.4 10.8  chr1        34115   34349 (248922073) C  MLT1J          LTR/ERVL-MaLR        (184)  328    116     34
   34  33.3  0.7  8.8  chr1        34415   34562 (248921860) C  L2c            LINE/L2              (204) 3183   3047     35
  167  28.4 14.1  0.2  chr1        34565   34934 (248921488) C  MLT1J2         LTR/ERVL-MaLR          (0)  448     28     36
   38  32.4 11.9  1.8  chr1        35216   35366 (248921056) C  MIRc           SINE/MIR              (12)  256     91     37
  136  13.5  0.0  0.0  chr1        35367   35499 (248920923) +  AluJr          SINE/Alu                 1  133  (179)     38
  260  19.1  3.6  2.8  chr1        37045   37431 (248918991) +  Charlie5       DNA/hAT-Charlie       2234 2623    (1)     39
   21  34.5  0.8 10.4  chr1        37735   37860 (248918562) +  L2c            LINE/L2               3272 3386    (1)     40
   65  21.1 16.1  0.5  chr1        38068   38229 (248918193) +  L2a            LINE/L2               2714 2900  (519)     41
  706  24.2 14.0  1.2  chr1        38239   39462 (248916960) +  MLT1F2-int     LTR/ERVL-MaLR          109 1487    (2)     42
  198  29.1 10.9  7.5  chr1        39465   39623 (248916799) +  MLT1F2         LTR/ERVL-MaLR            1  174  (386)     42
  323  12.0  0.0  0.0  chr1        39624   39923 (248916499) +  AluSx          SINE/Alu                 1  300   (12)     43
